Successfully createdSuccessfully createdSuccessfully createdSuccessfully createdSuccessfully createdSuccessfully createdSuccessfully createdSuccessfully createdSuccessfully createdSuccessfully createdSuccessfully createdSuccessfully createdSuccessfully createdSuccessfully createdSuccessfully createdSuccessfully created Successfully created  Successfully created  Successfully created  Successfully created  Successfully created  Successfully created  Successfully created  Successfully created  Successfully created  Successfully created  Successfully created  Successfully created  Successfully created  Successfully created  Successfully created  Successfully created  Successfully created  Successfully created  Successfully created  Successfully created  Successfully created  Successfully created  Successfully created  Successfully created  Successfully created  Successfully created  Successfully created  Successfully created  Successfully created  Successfully created  Successfully created  Successfully created  Successfully created  Successfully created  Successfully created  Successfully created  Successfully created  Successfully created  Successfully created  Successfully created  Successfully created  Successfully created  Successfully created  Successfully created  Successfully created  Successfully created  Successfully created  Successfully created  Successfully created  Successfully created  Successfully created  Successfully created  Successfully created  Successfully created  Successfully created  Successfully created  Successfully created  Successfully created  Successfully created  Successfully created  Successfully created  Successfully created  Successfully created  Successfully created  Successfully created  Successfully created  Successfully created  Successfully created  Successfully created  Successfully created  Successfully created  Successfully created  Successfully created  Successfully created  Successfully created  Successfully created  Successfully created  Successfully created  Successfully created  Successfully created  Successfully created  Successfully created  Successfully created  Successfully created  Successfully created  Successfully created  Successfully created  Successfully created  Successfully created  Successfully created  Successfully created  Successfully created  Successfully created  Successfully created  Successfully created  Successfully created  Successfully created  Successfully created  Successfully created  Successfully created  Successfully created  Successfully created  Successfully created  Successfully created  Successfully created  Successfully created  Successfully created  Successfully created  Successfully created  Successfully created  Successfully created  Successfully created  Successfully created  Successfully created  Successfully created  Successfully created  Successfully created  Successfully created  Successfully created  Successfully created  Successfully created  Successfully created  Successfully created  Successfully created  Successfully created  Successfully created  Successfully created  Successfully created  Successfully created  Successfully created  Successfully created  Successfully created  Successfully created  Successfully created  Successfully created  Successfully created  Successfully created  Successfully created  Successfully created  Successfully created  Successfully created  Successfully created  Successfully created  Successfully created  Successfully created  Successfully created  Successfully created  Successfully created  Successfully created  Successfully created  Successfully created  Successfully created  Successfully created  Successfully created  Successfully created  Successfully created  Successfully created  Successfully created  Successfully created  Successfully created  Successfully created  Successfully created  Successfully created  Successfully created  Successfully created  Successfully created  Successfully created  Successfully created  Successfully created  Successfully created  Successfully created  Successfully created  Successfully created 